Command line invocation:
    /Applications/Xcode.app/Contents/Developer/usr/bin/xcodebuild -project MyTradeMate.xcodeproj -scheme MyTradeMate -destination "platform=iOS Simulator,name=iPhone 16 Pro" build

ComputePackagePrebuildTargetDependencyGraph

Prepare packages

CreateBuildRequest

SendProjectDescription

CreateBuildOperation

ComputeTargetDependencyGraph
note: Building targets in dependency order
note: Target dependency graph (1 target)
    Target 'MyTradeMate' in project 'MyTradeMate' (no dependencies)

GatherProvisioningInputs

CreateBuildDescription

ExecuteExternalTool /Applications/Xcode.app/Contents/Developer/Toolchains/XcodeDefault.xctoolchain/usr/bin/clang -v -E -dM -isysroot /Applications/Xcode.app/Contents/Developer/Platforms/iPhoneSimulator.platform/Developer/SDKs/iPhoneSimulator18.5.sdk -x c -c /dev/null

ExecuteExternalTool /usr/bin/what -q /Applications/Xcode.app/Contents/Developer/Toolchains/XcodeDefault.xctoolchain/usr/bin/coremlc

ExecuteExternalTool /Applications/Xcode.app/Contents/Developer/Toolchains/XcodeDefault.xctoolchain/usr/bin/coremlc generate /Users/lupudragos/Desktop/Trading_MyTradeMate/MyTradeMate/AIModels/BitcoinAI_1h_enhanced.mlmodel /Users/lupudragos/Library/Developer/Xcode/DerivedData/MyTradeMate-gdjtlyvxntysdfdyhmpbmjryjkum/Build/Intermediates.noindex/MyTradeMate.build/Debug-iphonesimulator/MyTradeMate.build/DerivedSources/CoreMLGenerated/BitcoinAI_1h_enhanced --dry-run yes --deployment-target 17.0 --sdkroot /Applications/Xcode.app/Contents/Developer/Platforms/iPhoneSimulator.platform/Developer/SDKs/iPhoneSimulator18.5.sdk --platform ios --output-partial-info-plist /Users/lupudragos/Library/Developer/Xcode/DerivedData/MyTradeMate-gdjtlyvxntysdfdyhmpbmjryjkum/Build/Intermediates.noindex/MyTradeMate.build/Debug-iphonesimulator/MyTradeMate.build/BitcoinAI_1h_enhanced-CoreMLPartialInfo.plist --container bundle-resources --language Swift --swift-version 5.9

ExecuteExternalTool /Applications/Xcode.app/Contents/Developer/Toolchains/XcodeDefault.xctoolchain/usr/bin/coremlc generate /Users/lupudragos/Desktop/Trading_MyTradeMate/MyTradeMate/AIModels/BitcoinAI_5m_enhanced.mlmodel /Users/lupudragos/Library/Developer/Xcode/DerivedData/MyTradeMate-gdjtlyvxntysdfdyhmpbmjryjkum/Build/Intermediates.noindex/MyTradeMate.build/Debug-iphonesimulator/MyTradeMate.build/DerivedSources/CoreMLGenerated/BitcoinAI_5m_enhanced --dry-run yes --deployment-target 17.0 --sdkroot /Applications/Xcode.app/Contents/Developer/Platforms/iPhoneSimulator.platform/Developer/SDKs/iPhoneSimulator18.5.sdk --platform ios --output-partial-info-plist /Users/lupudragos/Library/Developer/Xcode/DerivedData/MyTradeMate-gdjtlyvxntysdfdyhmpbmjryjkum/Build/Intermediates.noindex/MyTradeMate.build/Debug-iphonesimulator/MyTradeMate.build/BitcoinAI_5m_enhanced-CoreMLPartialInfo.plist --container bundle-resources --language Swift --swift-version 5.9

ExecuteExternalTool /Applications/Xcode.app/Contents/Developer/Toolchains/XcodeDefault.xctoolchain/usr/bin/coremlc generate /Users/lupudragos/Desktop/Trading_MyTradeMate/MyTradeMate/AIModels/BTC_4H_Model.mlpackage /Users/lupudragos/Library/Developer/Xcode/DerivedData/MyTradeMate-gdjtlyvxntysdfdyhmpbmjryjkum/Build/Intermediates.noindex/MyTradeMate.build/Debug-iphonesimulator/MyTradeMate.build/DerivedSources/CoreMLGenerated/BTC_4H_Model --dry-run yes --deployment-target 17.0 --sdkroot /Applications/Xcode.app/Contents/Developer/Platforms/iPhoneSimulator.platform/Developer/SDKs/iPhoneSimulator18.5.sdk --platform ios --output-partial-info-plist /Users/lupudragos/Library/Developer/Xcode/DerivedData/MyTradeMate-gdjtlyvxntysdfdyhmpbmjryjkum/Build/Intermediates.noindex/MyTradeMate.build/Debug-iphonesimulator/MyTradeMate.build/BTC_4H_Model-CoreMLPartialInfo.plist --container bundle-resources --language Swift --swift-version 5.9

ExecuteExternalTool /Applications/Xcode.app/Contents/Developer/Toolchains/XcodeDefault.xctoolchain/usr/bin/swiftc --version

ExecuteExternalTool /Applications/Xcode.app/Contents/Developer/Toolchains/XcodeDefault.xctoolchain/usr/bin/ld -version_details

Build description signature: 38c95067bff3cd0ef4d1239c3753d467
Build description path: /Users/lupudragos/Library/Developer/Xcode/DerivedData/MyTradeMate-gdjtlyvxntysdfdyhmpbmjryjkum/Build/Intermediates.noindex/XCBuildData/38c95067bff3cd0ef4d1239c3753d467.xcbuilddata
ClangStatCache /Applications/Xcode.app/Contents/Developer/Toolchains/XcodeDefault.xctoolchain/usr/bin/clang-stat-cache /Applications/Xcode.app/Contents/Developer/Platforms/iPhoneSimulator.platform/Developer/SDKs/iPhoneSimulator18.5.sdk /Users/lupudragos/Library/Developer/Xcode/DerivedData/SDKStatCaches.noindex/iphonesimulator18.5-22F76-d5fc8ad4295d2ef488fb7d0f804ce0c4.sdkstatcache
    cd /Users/lupudragos/Desktop/Trading_MyTradeMate/MyTradeMate.xcodeproj
    /Applications/Xcode.app/Contents/Developer/Toolchains/XcodeDefault.xctoolchain/usr/bin/clang-stat-cache /Applications/Xcode.app/Contents/Developer/Platforms/iPhoneSimulator.platform/Developer/SDKs/iPhoneSimulator18.5.sdk -o /Users/lupudragos/Library/Developer/Xcode/DerivedData/SDKStatCaches.noindex/iphonesimulator18.5-22F76-d5fc8ad4295d2ef488fb7d0f804ce0c4.sdkstatcache

ProcessProductPackaging "" /Users/lupudragos/Library/Developer/Xcode/DerivedData/MyTradeMate-gdjtlyvxntysdfdyhmpbmjryjkum/Build/Intermediates.noindex/MyTradeMate.build/Debug-iphonesimulator/MyTradeMate.build/MyTradeMate.app-Simulated.xcent (in target 'MyTradeMate' from project 'MyTradeMate')
    cd /Users/lupudragos/Desktop/Trading_MyTradeMate
    
    Entitlements:
    
    {
    "application-identifier" = "9J536667NJ.com.gmail.mytrademate.app";
}
    
    builtin-productPackagingUtility -entitlements -format xml -o /Users/lupudragos/Library/Developer/Xcode/DerivedData/MyTradeMate-gdjtlyvxntysdfdyhmpbmjryjkum/Build/Intermediates.noindex/MyTradeMate.build/Debug-iphonesimulator/MyTradeMate.build/MyTradeMate.app-Simulated.xcent

ProcessProductPackagingDER /Users/lupudragos/Library/Developer/Xcode/DerivedData/MyTradeMate-gdjtlyvxntysdfdyhmpbmjryjkum/Build/Intermediates.noindex/MyTradeMate.build/Debug-iphonesimulator/MyTradeMate.build/MyTradeMate.app-Simulated.xcent /Users/lupudragos/Library/Developer/Xcode/DerivedData/MyTradeMate-gdjtlyvxntysdfdyhmpbmjryjkum/Build/Intermediates.noindex/MyTradeMate.build/Debug-iphonesimulator/MyTradeMate.build/MyTradeMate.app-Simulated.xcent.der (in target 'MyTradeMate' from project 'MyTradeMate')
    cd /Users/lupudragos/Desktop/Trading_MyTradeMate
    /usr/bin/derq query -f xml -i /Users/lupudragos/Library/Developer/Xcode/DerivedData/MyTradeMate-gdjtlyvxntysdfdyhmpbmjryjkum/Build/Intermediates.noindex/MyTradeMate.build/Debug-iphonesimulator/MyTradeMate.build/MyTradeMate.app-Simulated.xcent -o /Users/lupudragos/Library/Developer/Xcode/DerivedData/MyTradeMate-gdjtlyvxntysdfdyhmpbmjryjkum/Build/Intermediates.noindex/MyTradeMate.build/Debug-iphonesimulator/MyTradeMate.build/MyTradeMate.app-Simulated.xcent.der --raw

SwiftDriver MyTradeMate normal arm64 com.apple.xcode.tools.swift.compiler (in target 'MyTradeMate' from project 'MyTradeMate')
    cd /Users/lupudragos/Desktop/Trading_MyTradeMate
    builtin-SwiftDriver -- /Applications/Xcode.app/Contents/Developer/Toolchains/XcodeDefault.xctoolchain/usr/bin/swiftc -module-name MyTradeMate -Onone -enforce-exclusivity\=checked @/Users/lupudragos/Library/Developer/Xcode/DerivedData/MyTradeMate-gdjtlyvxntysdfdyhmpbmjryjkum/Build/Intermediates.noindex/MyTradeMate.build/Debug-iphonesimulator/MyTradeMate.build/Objects-normal/arm64/MyTradeMate.SwiftFileList -DDEBUG -enable-bare-slash-regex -enable-experimental-feature DebugDescriptionMacro -sdk /Applications/Xcode.app/Contents/Developer/Platforms/iPhoneSimulator.platform/Developer/SDKs/iPhoneSimulator18.5.sdk -target arm64-apple-ios17.0-simulator -g -module-cache-path /Users/lupudragos/Library/Developer/Xcode/DerivedData/ModuleCache.noindex -Xfrontend -serialize-debugging-options -enable-testing -index-store-path /Users/lupudragos/Library/Developer/Xcode/DerivedData/MyTradeMate-gdjtlyvxntysdfdyhmpbmjryjkum/Index.noindex/DataStore -swift-version 5 -I /Users/lupudragos/Library/Developer/Xcode/DerivedData/MyTradeMate-gdjtlyvxntysdfdyhmpbmjryjkum/Build/Products/Debug-iphonesimulator -F /Users/lupudragos/Library/Developer/Xcode/DerivedData/MyTradeMate-gdjtlyvxntysdfdyhmpbmjryjkum/Build/Products/Debug-iphonesimulator -c -j10 -enable-batch-mode -incremental -Xcc -ivfsstatcache -Xcc /Users/lupudragos/Library/Developer/Xcode/DerivedData/SDKStatCaches.noindex/iphonesimulator18.5-22F76-d5fc8ad4295d2ef488fb7d0f804ce0c4.sdkstatcache -output-file-map /Users/lupudragos/Library/Developer/Xcode/DerivedData/MyTradeMate-gdjtlyvxntysdfdyhmpbmjryjkum/Build/Intermediates.noindex/MyTradeMate.build/Debug-iphonesimulator/MyTradeMate.build/Objects-normal/arm64/MyTradeMate-OutputFileMap.json -use-frontend-parseable-output -save-temps -no-color-diagnostics -serialize-diagnostics -emit-dependencies -emit-module -emit-module-path /Users/lupudragos/Library/Developer/Xcode/DerivedData/MyTradeMate-gdjtlyvxntysdfdyhmpbmjryjkum/Build/Intermediates.noindex/MyTradeMate.build/Debug-iphonesimulator/MyTradeMate.build/Objects-normal/arm64/MyTradeMate.swiftmodule -validate-clang-modules-once -clang-build-session-file /Users/lupudragos/Library/Developer/Xcode/DerivedData/ModuleCache.noindex/Session.modulevalidation -Xcc -I/Users/lupudragos/Library/Developer/Xcode/DerivedData/MyTradeMate-gdjtlyvxntysdfdyhmpbmjryjkum/Build/Intermediates.noindex/MyTradeMate.build/Debug-iphonesimulator/MyTradeMate.build/swift-overrides.hmap -emit-const-values -Xfrontend -const-gather-protocols-file -Xfrontend /Users/lupudragos/Library/Developer/Xcode/DerivedData/MyTradeMate-gdjtlyvxntysdfdyhmpbmjryjkum/Build/Intermediates.noindex/MyTradeMate.build/Debug-iphonesimulator/MyTradeMate.build/Objects-normal/arm64/MyTradeMate_const_extract_protocols.json -Xcc -iquote -Xcc /Users/lupudragos/Library/Developer/Xcode/DerivedData/MyTradeMate-gdjtlyvxntysdfdyhmpbmjryjkum/Build/Intermediates.noindex/MyTradeMate.build/Debug-iphonesimulator/MyTradeMate.build/MyTradeMate-generated-files.hmap -Xcc -I/Users/lupudragos/Library/Developer/Xcode/DerivedData/MyTradeMate-gdjtlyvxntysdfdyhmpbmjryjkum/Build/Intermediates.noindex/MyTradeMate.build/Debug-iphonesimulator/MyTradeMate.build/MyTradeMate-own-target-headers.hmap -Xcc -I/Users/lupudragos/Library/Developer/Xcode/DerivedData/MyTradeMate-gdjtlyvxntysdfdyhmpbmjryjkum/Build/Intermediates.noindex/MyTradeMate.build/Debug-iphonesimulator/MyTradeMate.build/MyTradeMate-all-target-headers.hmap -Xcc -iquote -Xcc /Users/lupudragos/Library/Developer/Xcode/DerivedData/MyTradeMate-gdjtlyvxntysdfdyhmpbmjryjkum/Build/Intermediates.noindex/MyTradeMate.build/Debug-iphonesimulator/MyTradeMate.build/MyTradeMate-project-headers.hmap -Xcc -I/Users/lupudragos/Library/Developer/Xcode/DerivedData/MyTradeMate-gdjtlyvxntysdfdyhmpbmjryjkum/Build/Products/Debug-iphonesimulator/include -Xcc -I/Users/lupudragos/Library/Developer/Xcode/DerivedData/MyTradeMate-gdjtlyvxntysdfdyhmpbmjryjkum/Build/Intermediates.noindex/MyTradeMate.build/Debug-iphonesimulator/MyTradeMate.build/DerivedSources-normal/arm64 -Xcc -I/Users/lupudragos/Library/Developer/Xcode/DerivedData/MyTradeMate-gdjtlyvxntysdfdyhmpbmjryjkum/Build/Intermediates.noindex/MyTradeMate.build/Debug-iphonesimulator/MyTradeMate.build/DerivedSources/arm64 -Xcc -I/Users/lupudragos/Library/Developer/Xcode/DerivedData/MyTradeMate-gdjtlyvxntysdfdyhmpbmjryjkum/Build/Intermediates.noindex/MyTradeMate.build/Debug-iphonesimulator/MyTradeMate.build/DerivedSources -Xcc -DDEBUG\=1 -emit-objc-header -emit-objc-header-path /Users/lupudragos/Library/Developer/Xcode/DerivedData/MyTradeMate-gdjtlyvxntysdfdyhmpbmjryjkum/Build/Intermediates.noindex/MyTradeMate.build/Debug-iphonesimulator/MyTradeMate.build/Objects-normal/arm64/MyTradeMate-Swift.h -working-directory /Users/lupudragos/Desktop/Trading_MyTradeMate -experimental-emit-module-separately -disable-cmo

SwiftEmitModule normal arm64 Emitting\ module\ for\ MyTradeMate (in target 'MyTradeMate' from project 'MyTradeMate')

EmitSwiftModule normal arm64 (in target 'MyTradeMate' from project 'MyTradeMate')
    cd /Users/lupudragos/Desktop/Trading_MyTradeMate
    
/Users/lupudragos/Desktop/Trading_MyTradeMate/MyTradeMate/Models/Account.swift:6:16: warning: stored property 'positions' of 'Sendable'-conforming struct 'Account' has non-sendable type '[Position]'; this is an error in the Swift 6 language mode
    public var positions: [Position]
               ^
/Users/lupudragos/Desktop/Trading_MyTradeMate/MyTradeMate/Models/Trading/OrderModels.swift:252:15: note: consider making struct 'Position' conform to the 'Sendable' protocol
public struct Position: Codable, Identifiable {
              ^
                                             , Sendable
/Users/lupudragos/Desktop/Trading_MyTradeMate/MyTradeMate/Models/PredictionResult.swift:7:16: warning: stored property 'model' of 'Sendable'-conforming struct 'PredictionResult' has non-sendable type 'ModelKind'; this is an error in the Swift 6 language mode
    public let model: ModelKind        // unified enum for all models/timeframes
               ^
/Users/lupudragos/Desktop/Trading_MyTradeMate/MyTradeMate/Protocols/ModelKind.swift:4:13: note: consider making enum 'ModelKind' conform to the 'Sendable' protocol
public enum ModelKind: String, CaseIterable, Hashable {
            ^
                                                     , Sendable
/Users/lupudragos/Desktop/Trading_MyTradeMate/MyTradeMate/AI/FeatureBuilder.swift:36:35: warning: main actor-isolated static property 'shared' can not be referenced from a nonisolated context; this is an error in the Swift 6 language mode
    init(settings: AppSettings = .shared) {
                                  ^
/Users/lupudragos/Desktop/Trading_MyTradeMate/MyTradeMate/Models/AppSettings.swift:7:23: note: static property declared here
    public static let shared = AppSettings()
                      ^
/Users/lupudragos/Desktop/Trading_MyTradeMate/MyTradeMate/Models/Order.swift:6:16: warning: stored property 'side' of 'Sendable'-conforming struct 'Order' has non-sendable type 'OrderSide'; this is an error in the Swift 6 language mode
    public let side: OrderSide
               ^
/Users/lupudragos/Desktop/Trading_MyTradeMate/MyTradeMate/Models/Trading/OrderModels.swift:4:13: note: consider making enum 'OrderSide' conform to the 'Sendable' protocol
public enum OrderSide: String, CaseIterable, Codable {
            ^
                                                    , Sendable
/Users/lupudragos/Desktop/Trading_MyTradeMate/MyTradeMate/Views/Components/ToastManager.swift:159:27: warning: main actor-isolated static property 'defaultValue' cannot be used to satisfy nonisolated requirement from protocol 'EnvironmentKey'; this is an error in the Swift 6 language mode
    @MainActor static let defaultValue = ToastManager()
                          ^
/Users/lupudragos/Desktop/Trading_MyTradeMate/MyTradeMate/Views/Components/ToastManager.swift:158:33: note: add '@preconcurrency' to the 'EnvironmentKey' conformance to defer isolation checking to run time
private struct ToastManagerKey: EnvironmentKey {
                                ^
                                @preconcurrency 
/Users/lupudragos/Desktop/Trading_MyTradeMate/MyTradeMate/Models/OrderStatus.swift:128:16: warning: stored property 'originalRequest' of 'Sendable'-conforming struct 'TrackedOrder' has non-sendable type 'TradeRequest'; this is an error in the Swift 6 language mode
    public let originalRequest: TradeRequest
               ^
/Users/lupudragos/Desktop/Trading_MyTradeMate/MyTradeMate/Models/TradeRequest.swift:4:15: note: consider making struct 'TradeRequest' conform to the 'Sendable' protocol
public struct TradeRequest: Codable, Identifiable {
              ^
                                                 , Sendable
/Users/lupudragos/Desktop/Trading_MyTradeMate/MyTradeMate/Models/OrderStatus.swift:132:16: warning: stored property 'orderFill' of 'Sendable'-conforming struct 'TrackedOrder' has non-sendable type 'OrderFill?'; this is an error in the Swift 6 language mode
    public var orderFill: OrderFill?
               ^
/Users/lupudragos/Desktop/Trading_MyTradeMate/MyTradeMate/Models/Trading/OrderModels.swift:202:15: note: consider making struct 'OrderFill' conform to the 'Sendable' protocol
public struct OrderFill: Codable, Identifiable {
              ^
                                              , Sendable

SwiftCompile normal arm64 Compiling\ PnLMetrics.swift /Users/lupudragos/Desktop/Trading_MyTradeMate/MyTradeMate/Utils/PnLMetrics.swift (in target 'MyTradeMate' from project 'MyTradeMate')

SwiftCompile normal arm64 /Users/lupudragos/Desktop/Trading_MyTradeMate/MyTradeMate/Utils/PnLMetrics.swift (in target 'MyTradeMate' from project 'MyTradeMate')
    cd /Users/lupudragos/Desktop/Trading_MyTradeMate
    

SwiftDriverJobDiscovery normal arm64 Compiling PnLMetrics.swift (in target 'MyTradeMate' from project 'MyTradeMate')

SwiftDriver\ Compilation MyTradeMate normal arm64 com.apple.xcode.tools.swift.compiler (in target 'MyTradeMate' from project 'MyTradeMate')
    cd /Users/lupudragos/Desktop/Trading_MyTradeMate
    builtin-Swift-Compilation -- /Applications/Xcode.app/Contents/Developer/Toolchains/XcodeDefault.xctoolchain/usr/bin/swiftc -module-name MyTradeMate -Onone -enforce-exclusivity\=checked @/Users/lupudragos/Library/Developer/Xcode/DerivedData/MyTradeMate-gdjtlyvxntysdfdyhmpbmjryjkum/Build/Intermediates.noindex/MyTradeMate.build/Debug-iphonesimulator/MyTradeMate.build/Objects-normal/arm64/MyTradeMate.SwiftFileList -DDEBUG -enable-bare-slash-regex -enable-experimental-feature DebugDescriptionMacro -sdk /Applications/Xcode.app/Contents/Developer/Platforms/iPhoneSimulator.platform/Developer/SDKs/iPhoneSimulator18.5.sdk -target arm64-apple-ios17.0-simulator -g -module-cache-path /Users/lupudragos/Library/Developer/Xcode/DerivedData/ModuleCache.noindex -Xfrontend -serialize-debugging-options -enable-testing -index-store-path /Users/lupudragos/Library/Developer/Xcode/DerivedData/MyTradeMate-gdjtlyvxntysdfdyhmpbmjryjkum/Index.noindex/DataStore -swift-version 5 -I /Users/lupudragos/Library/Developer/Xcode/DerivedData/MyTradeMate-gdjtlyvxntysdfdyhmpbmjryjkum/Build/Products/Debug-iphonesimulator -F /Users/lupudragos/Library/Developer/Xcode/DerivedData/MyTradeMate-gdjtlyvxntysdfdyhmpbmjryjkum/Build/Products/Debug-iphonesimulator -c -j10 -enable-batch-mode -incremental -Xcc -ivfsstatcache -Xcc /Users/lupudragos/Library/Developer/Xcode/DerivedData/SDKStatCaches.noindex/iphonesimulator18.5-22F76-d5fc8ad4295d2ef488fb7d0f804ce0c4.sdkstatcache -output-file-map /Users/lupudragos/Library/Developer/Xcode/DerivedData/MyTradeMate-gdjtlyvxntysdfdyhmpbmjryjkum/Build/Intermediates.noindex/MyTradeMate.build/Debug-iphonesimulator/MyTradeMate.build/Objects-normal/arm64/MyTradeMate-OutputFileMap.json -use-frontend-parseable-output -save-temps -no-color-diagnostics -serialize-diagnostics -emit-dependencies -emit-module -emit-module-path /Users/lupudragos/Library/Developer/Xcode/DerivedData/MyTradeMate-gdjtlyvxntysdfdyhmpbmjryjkum/Build/Intermediates.noindex/MyTradeMate.build/Debug-iphonesimulator/MyTradeMate.build/Objects-normal/arm64/MyTradeMate.swiftmodule -validate-clang-modules-once -clang-build-session-file /Users/lupudragos/Library/Developer/Xcode/DerivedData/ModuleCache.noindex/Session.modulevalidation -Xcc -I/Users/lupudragos/Library/Developer/Xcode/DerivedData/MyTradeMate-gdjtlyvxntysdfdyhmpbmjryjkum/Build/Intermediates.noindex/MyTradeMate.build/Debug-iphonesimulator/MyTradeMate.build/swift-overrides.hmap -emit-const-values -Xfrontend -const-gather-protocols-file -Xfrontend /Users/lupudragos/Library/Developer/Xcode/DerivedData/MyTradeMate-gdjtlyvxntysdfdyhmpbmjryjkum/Build/Intermediates.noindex/MyTradeMate.build/Debug-iphonesimulator/MyTradeMate.build/Objects-normal/arm64/MyTradeMate_const_extract_protocols.json -Xcc -iquote -Xcc /Users/lupudragos/Library/Developer/Xcode/DerivedData/MyTradeMate-gdjtlyvxntysdfdyhmpbmjryjkum/Build/Intermediates.noindex/MyTradeMate.build/Debug-iphonesimulator/MyTradeMate.build/MyTradeMate-generated-files.hmap -Xcc -I/Users/lupudragos/Library/Developer/Xcode/DerivedData/MyTradeMate-gdjtlyvxntysdfdyhmpbmjryjkum/Build/Intermediates.noindex/MyTradeMate.build/Debug-iphonesimulator/MyTradeMate.build/MyTradeMate-own-target-headers.hmap -Xcc -I/Users/lupudragos/Library/Developer/Xcode/DerivedData/MyTradeMate-gdjtlyvxntysdfdyhmpbmjryjkum/Build/Intermediates.noindex/MyTradeMate.build/Debug-iphonesimulator/MyTradeMate.build/MyTradeMate-all-target-headers.hmap -Xcc -iquote -Xcc /Users/lupudragos/Library/Developer/Xcode/DerivedData/MyTradeMate-gdjtlyvxntysdfdyhmpbmjryjkum/Build/Intermediates.noindex/MyTradeMate.build/Debug-iphonesimulator/MyTradeMate.build/MyTradeMate-project-headers.hmap -Xcc -I/Users/lupudragos/Library/Developer/Xcode/DerivedData/MyTradeMate-gdjtlyvxntysdfdyhmpbmjryjkum/Build/Products/Debug-iphonesimulator/include -Xcc -I/Users/lupudragos/Library/Developer/Xcode/DerivedData/MyTradeMate-gdjtlyvxntysdfdyhmpbmjryjkum/Build/Intermediates.noindex/MyTradeMate.build/Debug-iphonesimulator/MyTradeMate.build/DerivedSources-normal/arm64 -Xcc -I/Users/lupudragos/Library/Developer/Xcode/DerivedData/MyTradeMate-gdjtlyvxntysdfdyhmpbmjryjkum/Build/Intermediates.noindex/MyTradeMate.build/Debug-iphonesimulator/MyTradeMate.build/DerivedSources/arm64 -Xcc -I/Users/lupudragos/Library/Developer/Xcode/DerivedData/MyTradeMate-gdjtlyvxntysdfdyhmpbmjryjkum/Build/Intermediates.noindex/MyTradeMate.build/Debug-iphonesimulator/MyTradeMate.build/DerivedSources -Xcc -DDEBUG\=1 -emit-objc-header -emit-objc-header-path /Users/lupudragos/Library/Developer/Xcode/DerivedData/MyTradeMate-gdjtlyvxntysdfdyhmpbmjryjkum/Build/Intermediates.noindex/MyTradeMate.build/Debug-iphonesimulator/MyTradeMate.build/Objects-normal/arm64/MyTradeMate-Swift.h -working-directory /Users/lupudragos/Desktop/Trading_MyTradeMate -experimental-emit-module-separately -disable-cmo

SwiftDriverJobDiscovery normal arm64 Emitting module for MyTradeMate (in target 'MyTradeMate' from project 'MyTradeMate')

SwiftDriver\ Compilation\ Requirements MyTradeMate normal arm64 com.apple.xcode.tools.swift.compiler (in target 'MyTradeMate' from project 'MyTradeMate')
    cd /Users/lupudragos/Desktop/Trading_MyTradeMate
    builtin-Swift-Compilation-Requirements -- /Applications/Xcode.app/Contents/Developer/Toolchains/XcodeDefault.xctoolchain/usr/bin/swiftc -module-name MyTradeMate -Onone -enforce-exclusivity\=checked @/Users/lupudragos/Library/Developer/Xcode/DerivedData/MyTradeMate-gdjtlyvxntysdfdyhmpbmjryjkum/Build/Intermediates.noindex/MyTradeMate.build/Debug-iphonesimulator/MyTradeMate.build/Objects-normal/arm64/MyTradeMate.SwiftFileList -DDEBUG -enable-bare-slash-regex -enable-experimental-feature DebugDescriptionMacro -sdk /Applications/Xcode.app/Contents/Developer/Platforms/iPhoneSimulator.platform/Developer/SDKs/iPhoneSimulator18.5.sdk -target arm64-apple-ios17.0-simulator -g -module-cache-path /Users/lupudragos/Library/Developer/Xcode/DerivedData/ModuleCache.noindex -Xfrontend -serialize-debugging-options -enable-testing -index-store-path /Users/lupudragos/Library/Developer/Xcode/DerivedData/MyTradeMate-gdjtlyvxntysdfdyhmpbmjryjkum/Index.noindex/DataStore -swift-version 5 -I /Users/lupudragos/Library/Developer/Xcode/DerivedData/MyTradeMate-gdjtlyvxntysdfdyhmpbmjryjkum/Build/Products/Debug-iphonesimulator -F /Users/lupudragos/Library/Developer/Xcode/DerivedData/MyTradeMate-gdjtlyvxntysdfdyhmpbmjryjkum/Build/Products/Debug-iphonesimulator -c -j10 -enable-batch-mode -incremental -Xcc -ivfsstatcache -Xcc /Users/lupudragos/Library/Developer/Xcode/DerivedData/SDKStatCaches.noindex/iphonesimulator18.5-22F76-d5fc8ad4295d2ef488fb7d0f804ce0c4.sdkstatcache -output-file-map /Users/lupudragos/Library/Developer/Xcode/DerivedData/MyTradeMate-gdjtlyvxntysdfdyhmpbmjryjkum/Build/Intermediates.noindex/MyTradeMate.build/Debug-iphonesimulator/MyTradeMate.build/Objects-normal/arm64/MyTradeMate-OutputFileMap.json -use-frontend-parseable-output -save-temps -no-color-diagnostics -serialize-diagnostics -emit-dependencies -emit-module -emit-module-path /Users/lupudragos/Library/Developer/Xcode/DerivedData/MyTradeMate-gdjtlyvxntysdfdyhmpbmjryjkum/Build/Intermediates.noindex/MyTradeMate.build/Debug-iphonesimulator/MyTradeMate.build/Objects-normal/arm64/MyTradeMate.swiftmodule -validate-clang-modules-once -clang-build-session-file /Users/lupudragos/Library/Developer/Xcode/DerivedData/ModuleCache.noindex/Session.modulevalidation -Xcc -I/Users/lupudragos/Library/Developer/Xcode/DerivedData/MyTradeMate-gdjtlyvxntysdfdyhmpbmjryjkum/Build/Intermediates.noindex/MyTradeMate.build/Debug-iphonesimulator/MyTradeMate.build/swift-overrides.hmap -emit-const-values -Xfrontend -const-gather-protocols-file -Xfrontend /Users/lupudragos/Library/Developer/Xcode/DerivedData/MyTradeMate-gdjtlyvxntysdfdyhmpbmjryjkum/Build/Intermediates.noindex/MyTradeMate.build/Debug-iphonesimulator/MyTradeMate.build/Objects-normal/arm64/MyTradeMate_const_extract_protocols.json -Xcc -iquote -Xcc /Users/lupudragos/Library/Developer/Xcode/DerivedData/MyTradeMate-gdjtlyvxntysdfdyhmpbmjryjkum/Build/Intermediates.noindex/MyTradeMate.build/Debug-iphonesimulator/MyTradeMate.build/MyTradeMate-generated-files.hmap -Xcc -I/Users/lupudragos/Library/Developer/Xcode/DerivedData/MyTradeMate-gdjtlyvxntysdfdyhmpbmjryjkum/Build/Intermediates.noindex/MyTradeMate.build/Debug-iphonesimulator/MyTradeMate.build/MyTradeMate-own-target-headers.hmap -Xcc -I/Users/lupudragos/Library/Developer/Xcode/DerivedData/MyTradeMate-gdjtlyvxntysdfdyhmpbmjryjkum/Build/Intermediates.noindex/MyTradeMate.build/Debug-iphonesimulator/MyTradeMate.build/MyTradeMate-all-target-headers.hmap -Xcc -iquote -Xcc /Users/lupudragos/Library/Developer/Xcode/DerivedData/MyTradeMate-gdjtlyvxntysdfdyhmpbmjryjkum/Build/Intermediates.noindex/MyTradeMate.build/Debug-iphonesimulator/MyTradeMate.build/MyTradeMate-project-headers.hmap -Xcc -I/Users/lupudragos/Library/Developer/Xcode/DerivedData/MyTradeMate-gdjtlyvxntysdfdyhmpbmjryjkum/Build/Products/Debug-iphonesimulator/include -Xcc -I/Users/lupudragos/Library/Developer/Xcode/DerivedData/MyTradeMate-gdjtlyvxntysdfdyhmpbmjryjkum/Build/Intermediates.noindex/MyTradeMate.build/Debug-iphonesimulator/MyTradeMate.build/DerivedSources-normal/arm64 -Xcc -I/Users/lupudragos/Library/Developer/Xcode/DerivedData/MyTradeMate-gdjtlyvxntysdfdyhmpbmjryjkum/Build/Intermediates.noindex/MyTradeMate.build/Debug-iphonesimulator/MyTradeMate.build/DerivedSources/arm64 -Xcc -I/Users/lupudragos/Library/Developer/Xcode/DerivedData/MyTradeMate-gdjtlyvxntysdfdyhmpbmjryjkum/Build/Intermediates.noindex/MyTradeMate.build/Debug-iphonesimulator/MyTradeMate.build/DerivedSources -Xcc -DDEBUG\=1 -emit-objc-header -emit-objc-header-path /Users/lupudragos/Library/Developer/Xcode/DerivedData/MyTradeMate-gdjtlyvxntysdfdyhmpbmjryjkum/Build/Intermediates.noindex/MyTradeMate.build/Debug-iphonesimulator/MyTradeMate.build/Objects-normal/arm64/MyTradeMate-Swift.h -working-directory /Users/lupudragos/Desktop/Trading_MyTradeMate -experimental-emit-module-separately -disable-cmo

Copy /Users/lupudragos/Library/Developer/Xcode/DerivedData/MyTradeMate-gdjtlyvxntysdfdyhmpbmjryjkum/Build/Products/Debug-iphonesimulator/MyTradeMate.swiftmodule/arm64-apple-ios-simulator.swiftdoc /Users/lupudragos/Library/Developer/Xcode/DerivedData/MyTradeMate-gdjtlyvxntysdfdyhmpbmjryjkum/Build/Intermediates.noindex/MyTradeMate.build/Debug-iphonesimulator/MyTradeMate.build/Objects-normal/arm64/MyTradeMate.swiftdoc (in target 'MyTradeMate' from project 'MyTradeMate')
    cd /Users/lupudragos/Desktop/Trading_MyTradeMate
    builtin-copy -exclude .DS_Store -exclude CVS -exclude .svn -exclude .git -exclude .hg -resolve-src-symlinks -rename /Users/lupudragos/Library/Developer/Xcode/DerivedData/MyTradeMate-gdjtlyvxntysdfdyhmpbmjryjkum/Build/Intermediates.noindex/MyTradeMate.build/Debug-iphonesimulator/MyTradeMate.build/Objects-normal/arm64/MyTradeMate.swiftdoc /Users/lupudragos/Library/Developer/Xcode/DerivedData/MyTradeMate-gdjtlyvxntysdfdyhmpbmjryjkum/Build/Products/Debug-iphonesimulator/MyTradeMate.swiftmodule/arm64-apple-ios-simulator.swiftdoc

Copy /Users/lupudragos/Library/Developer/Xcode/DerivedData/MyTradeMate-gdjtlyvxntysdfdyhmpbmjryjkum/Build/Products/Debug-iphonesimulator/MyTradeMate.swiftmodule/arm64-apple-ios-simulator.abi.json /Users/lupudragos/Library/Developer/Xcode/DerivedData/MyTradeMate-gdjtlyvxntysdfdyhmpbmjryjkum/Build/Intermediates.noindex/MyTradeMate.build/Debug-iphonesimulator/MyTradeMate.build/Objects-normal/arm64/MyTradeMate.abi.json (in target 'MyTradeMate' from project 'MyTradeMate')
    cd /Users/lupudragos/Desktop/Trading_MyTradeMate
    builtin-copy -exclude .DS_Store -exclude CVS -exclude .svn -exclude .git -exclude .hg -resolve-src-symlinks -rename /Users/lupudragos/Library/Developer/Xcode/DerivedData/MyTradeMate-gdjtlyvxntysdfdyhmpbmjryjkum/Build/Intermediates.noindex/MyTradeMate.build/Debug-iphonesimulator/MyTradeMate.build/Objects-normal/arm64/MyTradeMate.abi.json /Users/lupudragos/Library/Developer/Xcode/DerivedData/MyTradeMate-gdjtlyvxntysdfdyhmpbmjryjkum/Build/Products/Debug-iphonesimulator/MyTradeMate.swiftmodule/arm64-apple-ios-simulator.abi.json

Copy /Users/lupudragos/Library/Developer/Xcode/DerivedData/MyTradeMate-gdjtlyvxntysdfdyhmpbmjryjkum/Build/Products/Debug-iphonesimulator/MyTradeMate.swiftmodule/Project/arm64-apple-ios-simulator.swiftsourceinfo /Users/lupudragos/Library/Developer/Xcode/DerivedData/MyTradeMate-gdjtlyvxntysdfdyhmpbmjryjkum/Build/Intermediates.noindex/MyTradeMate.build/Debug-iphonesimulator/MyTradeMate.build/Objects-normal/arm64/MyTradeMate.swiftsourceinfo (in target 'MyTradeMate' from project 'MyTradeMate')
    cd /Users/lupudragos/Desktop/Trading_MyTradeMate
    builtin-copy -exclude .DS_Store -exclude CVS -exclude .svn -exclude .git -exclude .hg -resolve-src-symlinks -rename /Users/lupudragos/Library/Developer/Xcode/DerivedData/MyTradeMate-gdjtlyvxntysdfdyhmpbmjryjkum/Build/Intermediates.noindex/MyTradeMate.build/Debug-iphonesimulator/MyTradeMate.build/Objects-normal/arm64/MyTradeMate.swiftsourceinfo /Users/lupudragos/Library/Developer/Xcode/DerivedData/MyTradeMate-gdjtlyvxntysdfdyhmpbmjryjkum/Build/Products/Debug-iphonesimulator/MyTradeMate.swiftmodule/Project/arm64-apple-ios-simulator.swiftsourceinfo

Ld /Users/lupudragos/Library/Developer/Xcode/DerivedData/MyTradeMate-gdjtlyvxntysdfdyhmpbmjryjkum/Build/Products/Debug-iphonesimulator/MyTradeMate.app/MyTradeMate.debug.dylib normal (in target 'MyTradeMate' from project 'MyTradeMate')
    cd /Users/lupudragos/Desktop/Trading_MyTradeMate
    /Applications/Xcode.app/Contents/Developer/Toolchains/XcodeDefault.xctoolchain/usr/bin/clang -Xlinker -reproducible -target arm64-apple-ios17.0-simulator -dynamiclib -isysroot /Applications/Xcode.app/Contents/Developer/Platforms/iPhoneSimulator.platform/Developer/SDKs/iPhoneSimulator18.5.sdk -O0 -L/Users/lupudragos/Library/Developer/Xcode/DerivedData/MyTradeMate-gdjtlyvxntysdfdyhmpbmjryjkum/Build/Intermediates.noindex/EagerLinkingTBDs/Debug-iphonesimulator -L/Users/lupudragos/Library/Developer/Xcode/DerivedData/MyTradeMate-gdjtlyvxntysdfdyhmpbmjryjkum/Build/Products/Debug-iphonesimulator -F/Users/lupudragos/Library/Developer/Xcode/DerivedData/MyTradeMate-gdjtlyvxntysdfdyhmpbmjryjkum/Build/Intermediates.noindex/EagerLinkingTBDs/Debug-iphonesimulator -F/Users/lupudragos/Library/Developer/Xcode/DerivedData/MyTradeMate-gdjtlyvxntysdfdyhmpbmjryjkum/Build/Products/Debug-iphonesimulator -filelist /Users/lupudragos/Library/Developer/Xcode/DerivedData/MyTradeMate-gdjtlyvxntysdfdyhmpbmjryjkum/Build/Intermediates.noindex/MyTradeMate.build/Debug-iphonesimulator/MyTradeMate.build/Objects-normal/arm64/MyTradeMate.LinkFileList -install_name @rpath/MyTradeMate.debug.dylib -Xlinker -rpath -Xlinker @executable_path/Frameworks -dead_strip -Xlinker -object_path_lto -Xlinker /Users/lupudragos/Library/Developer/Xcode/DerivedData/MyTradeMate-gdjtlyvxntysdfdyhmpbmjryjkum/Build/Intermediates.noindex/MyTradeMate.build/Debug-iphonesimulator/MyTradeMate.build/Objects-normal/arm64/MyTradeMate_lto.o -rdynamic -Xlinker -no_deduplicate -Xlinker -objc_abi_version -Xlinker 2 -Xlinker -dependency_info -Xlinker /Users/lupudragos/Library/Developer/Xcode/DerivedData/MyTradeMate-gdjtlyvxntysdfdyhmpbmjryjkum/Build/Intermediates.noindex/MyTradeMate.build/Debug-iphonesimulator/MyTradeMate.build/Objects-normal/arm64/MyTradeMate_dependency_info.dat -fobjc-link-runtime -L/Applications/Xcode.app/Contents/Developer/Toolchains/XcodeDefault.xctoolchain/usr/lib/swift/iphonesimulator -L/usr/lib/swift -Xlinker -add_ast_path -Xlinker /Users/lupudragos/Library/Developer/Xcode/DerivedData/MyTradeMate-gdjtlyvxntysdfdyhmpbmjryjkum/Build/Intermediates.noindex/MyTradeMate.build/Debug-iphonesimulator/MyTradeMate.build/Objects-normal/arm64/MyTradeMate.swiftmodule -Xlinker -alias -Xlinker _main -Xlinker ___debug_main_executable_dylib_entry_point -Xlinker -no_adhoc_codesign -o /Users/lupudragos/Library/Developer/Xcode/DerivedData/MyTradeMate-gdjtlyvxntysdfdyhmpbmjryjkum/Build/Products/Debug-iphonesimulator/MyTradeMate.app/MyTradeMate.debug.dylib

ConstructStubExecutorLinkFileList /Users/lupudragos/Library/Developer/Xcode/DerivedData/MyTradeMate-gdjtlyvxntysdfdyhmpbmjryjkum/Build/Intermediates.noindex/MyTradeMate.build/Debug-iphonesimulator/MyTradeMate.build/MyTradeMate-ExecutorLinkFileList-normal-arm64.txt (in target 'MyTradeMate' from project 'MyTradeMate')
    cd /Users/lupudragos/Desktop/Trading_MyTradeMate
    construct-stub-executor-link-file-list /Users/lupudragos/Library/Developer/Xcode/DerivedData/MyTradeMate-gdjtlyvxntysdfdyhmpbmjryjkum/Build/Products/Debug-iphonesimulator/MyTradeMate.app/MyTradeMate.debug.dylib /Applications/Xcode.app/Contents/Developer/Platforms/iPhoneSimulator.platform/Developer/usr/lib/libPreviewsJITStubExecutor_no_swift_entry_point.a /Applications/Xcode.app/Contents/Developer/Platforms/iPhoneSimulator.platform/Developer/usr/lib/libPreviewsJITStubExecutor.a --output /Users/lupudragos/Library/Developer/Xcode/DerivedData/MyTradeMate-gdjtlyvxntysdfdyhmpbmjryjkum/Build/Intermediates.noindex/MyTradeMate.build/Debug-iphonesimulator/MyTradeMate.build/MyTradeMate-ExecutorLinkFileList-normal-arm64.txt
note: Using stub executor library with Swift entry point. (in target 'MyTradeMate' from project 'MyTradeMate')

Ld /Users/lupudragos/Library/Developer/Xcode/DerivedData/MyTradeMate-gdjtlyvxntysdfdyhmpbmjryjkum/Build/Products/Debug-iphonesimulator/MyTradeMate.app/MyTradeMate normal (in target 'MyTradeMate' from project 'MyTradeMate')
    cd /Users/lupudragos/Desktop/Trading_MyTradeMate
    /Applications/Xcode.app/Contents/Developer/Toolchains/XcodeDefault.xctoolchain/usr/bin/clang -Xlinker -reproducible -target arm64-apple-ios17.0-simulator -isysroot /Applications/Xcode.app/Contents/Developer/Platforms/iPhoneSimulator.platform/Developer/SDKs/iPhoneSimulator18.5.sdk -O0 -L/Users/lupudragos/Library/Developer/Xcode/DerivedData/MyTradeMate-gdjtlyvxntysdfdyhmpbmjryjkum/Build/Products/Debug-iphonesimulator -F/Users/lupudragos/Library/Developer/Xcode/DerivedData/MyTradeMate-gdjtlyvxntysdfdyhmpbmjryjkum/Build/Products/Debug-iphonesimulator -Xlinker -rpath -Xlinker @executable_path -Xlinker -rpath -Xlinker @executable_path/Frameworks -rdynamic -Xlinker -no_deduplicate -Xlinker -objc_abi_version -Xlinker 2 -e ___debug_blank_executor_main -Xlinker -sectcreate -Xlinker __TEXT -Xlinker __debug_dylib -Xlinker /Users/lupudragos/Library/Developer/Xcode/DerivedData/MyTradeMate-gdjtlyvxntysdfdyhmpbmjryjkum/Build/Intermediates.noindex/MyTradeMate.build/Debug-iphonesimulator/MyTradeMate.build/MyTradeMate-DebugDylibPath-normal-arm64.txt -Xlinker -sectcreate -Xlinker __TEXT -Xlinker __debug_instlnm -Xlinker /Users/lupudragos/Library/Developer/Xcode/DerivedData/MyTradeMate-gdjtlyvxntysdfdyhmpbmjryjkum/Build/Intermediates.noindex/MyTradeMate.build/Debug-iphonesimulator/MyTradeMate.build/MyTradeMate-DebugDylibInstallName-normal-arm64.txt -Xlinker -filelist -Xlinker /Users/lupudragos/Library/Developer/Xcode/DerivedData/MyTradeMate-gdjtlyvxntysdfdyhmpbmjryjkum/Build/Intermediates.noindex/MyTradeMate.build/Debug-iphonesimulator/MyTradeMate.build/MyTradeMate-ExecutorLinkFileList-normal-arm64.txt -Xlinker -sectcreate -Xlinker __TEXT -Xlinker __entitlements -Xlinker /Users/lupudragos/Library/Developer/Xcode/DerivedData/MyTradeMate-gdjtlyvxntysdfdyhmpbmjryjkum/Build/Intermediates.noindex/MyTradeMate.build/Debug-iphonesimulator/MyTradeMate.build/MyTradeMate.app-Simulated.xcent -Xlinker -sectcreate -Xlinker __TEXT -Xlinker __ents_der -Xlinker /Users/lupudragos/Library/Developer/Xcode/DerivedData/MyTradeMate-gdjtlyvxntysdfdyhmpbmjryjkum/Build/Intermediates.noindex/MyTradeMate.build/Debug-iphonesimulator/MyTradeMate.build/MyTradeMate.app-Simulated.xcent.der /Users/lupudragos/Library/Developer/Xcode/DerivedData/MyTradeMate-gdjtlyvxntysdfdyhmpbmjryjkum/Build/Products/Debug-iphonesimulator/MyTradeMate.app/MyTradeMate.debug.dylib -Xlinker -no_adhoc_codesign -o /Users/lupudragos/Library/Developer/Xcode/DerivedData/MyTradeMate-gdjtlyvxntysdfdyhmpbmjryjkum/Build/Products/Debug-iphonesimulator/MyTradeMate.app/MyTradeMate

ExtractAppIntentsMetadata (in target 'MyTradeMate' from project 'MyTradeMate')
    cd /Users/lupudragos/Desktop/Trading_MyTradeMate
    /Applications/Xcode.app/Contents/Developer/Toolchains/XcodeDefault.xctoolchain/usr/bin/appintentsmetadataprocessor --toolchain-dir /Applications/Xcode.app/Contents/Developer/Toolchains/XcodeDefault.xctoolchain --module-name MyTradeMate --sdk-root /Applications/Xcode.app/Contents/Developer/Platforms/iPhoneSimulator.platform/Developer/SDKs/iPhoneSimulator18.5.sdk --xcode-version 16F6 --platform-family iOS --deployment-target 17.0 --bundle-identifier com.gmail.mytrademate.app --output /Users/lupudragos/Library/Developer/Xcode/DerivedData/MyTradeMate-gdjtlyvxntysdfdyhmpbmjryjkum/Build/Products/Debug-iphonesimulator/MyTradeMate.app --target-triple arm64-apple-ios17.0-simulator --binary-file /Users/lupudragos/Library/Developer/Xcode/DerivedData/MyTradeMate-gdjtlyvxntysdfdyhmpbmjryjkum/Build/Products/Debug-iphonesimulator/MyTradeMate.app/MyTradeMate --dependency-file /Users/lupudragos/Library/Developer/Xcode/DerivedData/MyTradeMate-gdjtlyvxntysdfdyhmpbmjryjkum/Build/Intermediates.noindex/MyTradeMate.build/Debug-iphonesimulator/MyTradeMate.build/Objects-normal/arm64/MyTradeMate_dependency_info.dat --stringsdata-file /Users/lupudragos/Library/Developer/Xcode/DerivedData/MyTradeMate-gdjtlyvxntysdfdyhmpbmjryjkum/Build/Intermediates.noindex/MyTradeMate.build/Debug-iphonesimulator/MyTradeMate.build/Objects-normal/arm64/ExtractedAppShortcutsMetadata.stringsdata --source-file-list /Users/lupudragos/Library/Developer/Xcode/DerivedData/MyTradeMate-gdjtlyvxntysdfdyhmpbmjryjkum/Build/Intermediates.noindex/MyTradeMate.build/Debug-iphonesimulator/MyTradeMate.build/Objects-normal/arm64/MyTradeMate.SwiftFileList --metadata-file-list /Users/lupudragos/Library/Developer/Xcode/DerivedData/MyTradeMate-gdjtlyvxntysdfdyhmpbmjryjkum/Build/Intermediates.noindex/MyTradeMate.build/Debug-iphonesimulator/MyTradeMate.build/MyTradeMate.DependencyMetadataFileList --static-metadata-file-list /Users/lupudragos/Library/Developer/Xcode/DerivedData/MyTradeMate-gdjtlyvxntysdfdyhmpbmjryjkum/Build/Intermediates.noindex/MyTradeMate.build/Debug-iphonesimulator/MyTradeMate.build/MyTradeMate.DependencyStaticMetadataFileList --swift-const-vals-list /Users/lupudragos/Library/Developer/Xcode/DerivedData/MyTradeMate-gdjtlyvxntysdfdyhmpbmjryjkum/Build/Intermediates.noindex/MyTradeMate.build/Debug-iphonesimulator/MyTradeMate.build/Objects-normal/arm64/MyTradeMate.SwiftConstValuesFileList --compile-time-extraction --deployment-aware-processing --validate-assistant-intents --no-app-shortcuts-localization
2025-08-18 19:04:21.987 appintentsmetadataprocessor[47762:13616759] Starting appintentsmetadataprocessor export
2025-08-18 19:04:22.025 appintentsmetadataprocessor[47762:13616759] Extracted no relevant App Intents symbols, skipping writing output

ProcessInfoPlistFile /Users/lupudragos/Library/Developer/Xcode/DerivedData/MyTradeMate-gdjtlyvxntysdfdyhmpbmjryjkum/Build/Products/Debug-iphonesimulator/MyTradeMate.app/Info.plist /Users/lupudragos/Desktop/Trading_MyTradeMate/MyTradeMate/Info.plist (in target 'MyTradeMate' from project 'MyTradeMate')
    cd /Users/lupudragos/Desktop/Trading_MyTradeMate
    builtin-infoPlistUtility /Users/lupudragos/Desktop/Trading_MyTradeMate/MyTradeMate/Info.plist -producttype com.apple.product-type.application -genpkginfo /Users/lupudragos/Library/Developer/Xcode/DerivedData/MyTradeMate-gdjtlyvxntysdfdyhmpbmjryjkum/Build/Products/Debug-iphonesimulator/MyTradeMate.app/PkgInfo -expandbuildsettings -format binary -platform iphonesimulator -additionalcontentfile /Users/lupudragos/Library/Developer/Xcode/DerivedData/MyTradeMate-gdjtlyvxntysdfdyhmpbmjryjkum/Build/Intermediates.noindex/MyTradeMate.build/Debug-iphonesimulator/MyTradeMate.build/BitcoinAI_1h_enhanced-CoreMLPartialInfo.plist -additionalcontentfile /Users/lupudragos/Library/Developer/Xcode/DerivedData/MyTradeMate-gdjtlyvxntysdfdyhmpbmjryjkum/Build/Intermediates.noindex/MyTradeMate.build/Debug-iphonesimulator/MyTradeMate.build/BitcoinAI_5m_enhanced-CoreMLPartialInfo.plist -additionalcontentfile /Users/lupudragos/Library/Developer/Xcode/DerivedData/MyTradeMate-gdjtlyvxntysdfdyhmpbmjryjkum/Build/Intermediates.noindex/MyTradeMate.build/Debug-iphonesimulator/MyTradeMate.build/BTC_4H_Model-CoreMLPartialInfo.plist -o /Users/lupudragos/Library/Developer/Xcode/DerivedData/MyTradeMate-gdjtlyvxntysdfdyhmpbmjryjkum/Build/Products/Debug-iphonesimulator/MyTradeMate.app/Info.plist

CopySwiftLibs /Users/lupudragos/Library/Developer/Xcode/DerivedData/MyTradeMate-gdjtlyvxntysdfdyhmpbmjryjkum/Build/Products/Debug-iphonesimulator/MyTradeMate.app (in target 'MyTradeMate' from project 'MyTradeMate')
    cd /Users/lupudragos/Desktop/Trading_MyTradeMate
    builtin-swiftStdLibTool --copy --verbose --sign - --scan-executable /Users/lupudragos/Library/Developer/Xcode/DerivedData/MyTradeMate-gdjtlyvxntysdfdyhmpbmjryjkum/Build/Products/Debug-iphonesimulator/MyTradeMate.app/MyTradeMate.debug.dylib --scan-folder /Users/lupudragos/Library/Developer/Xcode/DerivedData/MyTradeMate-gdjtlyvxntysdfdyhmpbmjryjkum/Build/Products/Debug-iphonesimulator/MyTradeMate.app/Frameworks --scan-folder /Users/lupudragos/Library/Developer/Xcode/DerivedData/MyTradeMate-gdjtlyvxntysdfdyhmpbmjryjkum/Build/Products/Debug-iphonesimulator/MyTradeMate.app/PlugIns --scan-folder /Users/lupudragos/Library/Developer/Xcode/DerivedData/MyTradeMate-gdjtlyvxntysdfdyhmpbmjryjkum/Build/Products/Debug-iphonesimulator/MyTradeMate.app/SystemExtensions --scan-folder /Users/lupudragos/Library/Developer/Xcode/DerivedData/MyTradeMate-gdjtlyvxntysdfdyhmpbmjryjkum/Build/Products/Debug-iphonesimulator/MyTradeMate.app/Extensions --platform iphonesimulator --toolchain /Applications/Xcode.app/Contents/Developer/Toolchains/XcodeDefault.xctoolchain --destination /Users/lupudragos/Library/Developer/Xcode/DerivedData/MyTradeMate-gdjtlyvxntysdfdyhmpbmjryjkum/Build/Products/Debug-iphonesimulator/MyTradeMate.app/Frameworks --strip-bitcode --strip-bitcode-tool /Applications/Xcode.app/Contents/Developer/Toolchains/XcodeDefault.xctoolchain/usr/bin/bitcode_strip --emit-dependency-info /Users/lupudragos/Library/Developer/Xcode/DerivedData/MyTradeMate-gdjtlyvxntysdfdyhmpbmjryjkum/Build/Intermediates.noindex/MyTradeMate.build/Debug-iphonesimulator/MyTradeMate.build/SwiftStdLibToolInputDependencies.dep --filter-for-swift-os

CodeSign /Users/lupudragos/Library/Developer/Xcode/DerivedData/MyTradeMate-gdjtlyvxntysdfdyhmpbmjryjkum/Build/Products/Debug-iphonesimulator/MyTradeMate.app/MyTradeMate.debug.dylib (in target 'MyTradeMate' from project 'MyTradeMate')
    cd /Users/lupudragos/Desktop/Trading_MyTradeMate
    
    Signing Identity:     "Sign to Run Locally"
    
    /usr/bin/codesign --force --sign - --timestamp\=none --generate-entitlement-der /Users/lupudragos/Library/Developer/Xcode/DerivedData/MyTradeMate-gdjtlyvxntysdfdyhmpbmjryjkum/Build/Products/Debug-iphonesimulator/MyTradeMate.app/MyTradeMate.debug.dylib

CodeSign /Users/lupudragos/Library/Developer/Xcode/DerivedData/MyTradeMate-gdjtlyvxntysdfdyhmpbmjryjkum/Build/Products/Debug-iphonesimulator/MyTradeMate.app/__preview.dylib (in target 'MyTradeMate' from project 'MyTradeMate')
    cd /Users/lupudragos/Desktop/Trading_MyTradeMate
    
    Signing Identity:     "Sign to Run Locally"
    
    /usr/bin/codesign --force --sign - --timestamp\=none --generate-entitlement-der /Users/lupudragos/Library/Developer/Xcode/DerivedData/MyTradeMate-gdjtlyvxntysdfdyhmpbmjryjkum/Build/Products/Debug-iphonesimulator/MyTradeMate.app/__preview.dylib
/Users/lupudragos/Library/Developer/Xcode/DerivedData/MyTradeMate-gdjtlyvxntysdfdyhmpbmjryjkum/Build/Products/Debug-iphonesimulator/MyTradeMate.app/__preview.dylib: replacing existing signature

CodeSign /Users/lupudragos/Library/Developer/Xcode/DerivedData/MyTradeMate-gdjtlyvxntysdfdyhmpbmjryjkum/Build/Products/Debug-iphonesimulator/MyTradeMate.app (in target 'MyTradeMate' from project 'MyTradeMate')
    cd /Users/lupudragos/Desktop/Trading_MyTradeMate
    
    Signing Identity:     "Sign to Run Locally"
    
    /usr/bin/codesign --force --sign - --timestamp\=none --generate-entitlement-der /Users/lupudragos/Library/Developer/Xcode/DerivedData/MyTradeMate-gdjtlyvxntysdfdyhmpbmjryjkum/Build/Products/Debug-iphonesimulator/MyTradeMate.app

Validate /Users/lupudragos/Library/Developer/Xcode/DerivedData/MyTradeMate-gdjtlyvxntysdfdyhmpbmjryjkum/Build/Products/Debug-iphonesimulator/MyTradeMate.app (in target 'MyTradeMate' from project 'MyTradeMate')
    cd /Users/lupudragos/Desktop/Trading_MyTradeMate
    builtin-validationUtility /Users/lupudragos/Library/Developer/Xcode/DerivedData/MyTradeMate-gdjtlyvxntysdfdyhmpbmjryjkum/Build/Products/Debug-iphonesimulator/MyTradeMate.app -infoplist-subpath Info.plist

warning: Skipping duplicate build file in Compile Sources build phase: /Users/lupudragos/Desktop/Trading_MyTradeMate/MyTradeMate/Models/TradingPair.swift (in target 'MyTradeMate' from project 'MyTradeMate')
** BUILD SUCCEEDED **

